SonarQube plugins:
  - SonarPython 2.5.0.5733 (python)
  - SonarCSS 1.2.0.1325 (cssfamily)
  - JaCoCo 1.0.2.475 (jacoco)
  - SonarGo 1.6.0.719 (go)
  - SonarKotlin 1.5.0.315 (kotlin)
  - Svn 1.9.0.1295 (scmsvn)
  - SonarJS 6.2.0.12043 (javascript)
  - SonarRuby 1.5.0.315 (ruby)
  - SonarScala 1.5.0.315 (sonarscala)
  - C# Code Quality and Security 8.6.1.17183 (csharp)
  - SonarJava 6.1.0.20866 (java)
  - SonarHTML 3.2.0.2082 (web)
  - Git 1.9.1.1834 (scmgit)
  - SonarFlex 2.5.1.1831 (flex)
  - SonarXML 2.0.1.2020 (xml)
  - Rules Compliance Index (RCI) 1.0.1 (rci)
  - SonarPHP 3.3.0.5166 (php)
  - SonarTS 2.1.0.4359 (typescript)
  - SonarVB 8.4.0.15306 (vbnet)
Global server settings:
  - sonar.core.id=21BA9E85-AXwYkYn2xqFuoxNR1VXI
  - sonar.core.startTime=2022-12-23T01:57:48-0600
  - sonar.cs.analyzeGeneratedCode=true
  - sonar.scm.disabled=true
Project server settings:
Project scanner properties:
  - sonar.exclusions=**/node_modules/**,src/assets/**,dist/**,src/test.ts,src/styles.scss
  - sonar.host.url=http://vmcijkd01:9000
  - sonar.javascript.file.suffixes=.js,.jsx
  - sonar.login=******
  - sonar.password=******
  - sonar.projectBaseDir=/Users/jesussantaella/Documents/Desarrollo/Coneval/Sistemas/GMBE/gmbe-front-end
  - sonar.projectKey=gmbe-front
  - sonar.projectName=gmbe-front
  - sonar.scanner.app=ScannerCli
  - sonar.scanner.appVersion=3.1.0.1141
  - sonar.sourceEncoding=UTF-8
  - sonar.sources=src
  - sonar.test.inclusions=**/*.spec.ts
  - sonar.tests=src
  - sonar.typescript.lcov.reportPaths=coverage/lcov.info
  - sonar.working.directory=/Users/jesussantaella/Documents/Desarrollo/Coneval/Sistemas/GMBE/gmbe-front-end/.scannerwork
